﻿
> vite_react_shadcn_ts@0.0.0 build
> vite build

[36mvite v5.4.19 [32mbuilding for production...[36m[39m
transforming...
[32mтЬУ[39m 4858 modules transformed.
node.exe : [31mx[39m Build failed in 1m 21s
At line:1 char:1
+ & "C:\Program Files\nodejs/node.exe" "C:\Program Files\nodejs/node_mo ...
+ ~~~~~~~~~~~~~~~~~~~~~~~~~~~~~~~~~~~~~~~~~~~~~~~~~~~~~~~~~~~~~~~~~~~~~
    + CategoryInfo          : NotSpecified: ([31mx[39m Build failed in 1m 21s:String) [], RemoteEx    
ception
    + FullyQualifiedErrorId : NativeCommandError
 
[31merror during build:
[31m[vite-plugin-pwa:build] [plugin vite-plugin-pwa:build] 
src/components/collaboration/ShiftHandoffNotes.tsx (189:66): There was an error during the build:
  Transform failed with 1 error:
C:/Users/user/Downloads/Telegram Desktop/alicargo-joy-main 
(5)/alicargo-joy-main/src/components/collaboration/ShiftHandoffNotes.tsx:189:66: ERROR: Expected ")" 
but found "chirildi"
Additionally, handling the error in the 'buildEnd' hook caused the following error:
  Transform failed with 1 error:
C:/Users/user/Downloads/Telegram Desktop/alicargo-joy-main 
(5)/alicargo-joy-main/src/components/collaboration/ShiftHandoffNotes.tsx:189:66: ERROR: Expected ")" 
but found "chirildi"[31m
file: [36mC:/Users/user/Downloads/Telegram Desktop/alicargo-joy-main 
(5)/alicargo-joy-main/src/components/collaboration/ShiftHandoffNotes.tsx:189:66[31m
[33m
[33mExpected ")" but found "chirildi"[33m
187|  
188|        if (error) throw error;
189|        toast.success(t('deleted_successfully', 'Muvaffaqiyatli o\\'chirildi'));
   |                                                                    ^
190|        
191|        // Update local state to remove the deleted handoff immediately
[31m
    at getRollupError (file:///C:/Users/user/Downloads/Telegram%20Desktop/alicargo-joy-main%20(5)/alicar
go-joy-main/node_modules/vite/node_modules/rollup/dist/es/shared/parseAst.js:402:41)
    at file:///C:/Users/user/Downloads/Telegram%20Desktop/alicargo-joy-main%20(5)/alicargo-joy-main/node
_modules/vite/node_modules/rollup/dist/es/shared/node-entry.js:23467:39
    at process.processTicksAndRejections (node:internal/process/task_queues:104:5)
    at async catchUnfinishedHookActions (file:///C:/Users/user/Downloads/Telegram%20Desktop/alicargo-joy
-main%20(5)/alicargo-joy-main/node_modules/vite/node_modules/rollup/dist/es/shared/node-entry.js:22925:1
6)
    at async rollupInternal (file:///C:/Users/user/Downloads/Telegram%20Desktop/alicargo-joy-main%20(5)/
alicargo-joy-main/node_modules/vite/node_modules/rollup/dist/es/shared/node-entry.js:23450:5)
    at async build (file:///C:/Users/user/Downloads/Telegram%20Desktop/alicargo-joy-main%20(5)/alicargo-
joy-main/node_modules/vite/dist/node/chunks/dep-C6uTJdX2.js:65693:14)
    at async CAC.<anonymous> (file:///C:/Users/user/Downloads/Telegram%20Desktop/alicargo-joy-main%20(5)
/alicargo-joy-main/node_modules/vite/dist/node/cli.js:829:5)[39m
